// Jest Snapshot v1, https://goo.gl/fbAQLP

exports[`Home component should match snapshot 1`] = `
<DocumentFragment>
  <div
    class="nav"
  >
    <h1>
      Touch coin
    </h1>
    <div
      class="icons-cont"
    >
      <span />
      <span />
    </div>
  </div>
  <div
    class="search-bar"
  >
    <input
      placeholder="Search coins"
      type="text"
      value=""
    />
  </div>
  <section
    class="home-cont"
  />
</DocumentFragment>
`;
